my_function error: unsupported operand type(s) for +: 'int' and 'str'. Inputs:(1, 't'), {}
my_function called with args: (1, 2), kwargs:{}. Result: 3
my_function called with args: (0, 2), kwargs:{}. Result: 2
my_function error: unsupported operand type(s) for +: 'int' and 'str'. Inputs:(1, 't'), {}
my_function called with args: (1, 2), kwargs:{}. Result: 3
my_function called with args: (1, 2), kwargs:{}. Result: 3
my_function called with args: (0, 2), kwargs:{}. Result: 2
my_function error: unsupported operand type(s) for +: 'int' and 'str'. Inputs:(1, 't'), {}
my_function called with args: (1, 2), kwargs:{}. Result: 3
my_function called with args: (1, 2), kwargs:{}. Result: 3
my_function error: unsupported operand type(s) for +: 'int' and 'str'. Inputs:(1, 't'), {}
